// Jest Snapshot v1, https://goo.gl/fbAQLP

exports[`containers/pages/AssigmentMapWrapper renders jurisdictions assignment map 1`] = `null`;
