// Jest Snapshot v1, https://goo.gl/fbAQLP

exports[`components/IRS Reports/JurisdictionReport renders correctly: breadcrumbs 1`] = `
Array [
  <li
    className="breadcrumb-item"
  >
    <Link
      key="0"
      replace={false}
      to="/"
    >
      <a
        href="/"
        onClick={[Function]}
      >
        Home
      </a>
    </Link>
  </li>,
  <li
    className="breadcrumb-item"
  >
    <Link
      key="1"
      replace={false}
      to="/intervention/irs/report"
    >
      <a
        href="/intervention/irs/report"
        onClick={[Function]}
      >
        IRS Reporting
      </a>
    </Link>
  </li>,
  <li
    aria-current="page"
    className="active breadcrumb-item"
  >
    IRS 2019-09-05 TEST
  </li>,
]
`;

exports[`components/IRS Reports/JurisdictionReport renders correctly: page title 1`] = `
<h3
  className="mb-3 page-title"
>
  IRS Reporting: IRS 2019-09-05 TEST
</h3>
`;
