// Jest Snapshot v1, https://goo.gl/fbAQLP

exports[`containers/FocusInvestigation/Jurisdiction renders correctly: HeaderBreadcrumb li a 1`] = `
Array [
  <a
    href="/"
    onClick={[Function]}
  >
    Home
  </a>,
  <a
    href="/focus-investigation"
    onClick={[Function]}
  >
    Focus Investigations
  </a>,
  <a
    href="/focus-investigation/filter/61707fc2-c6ac-4112-a8d6-2a4861958396/236ca3fb-1b74-5028-a0c8-ab954bb28055"
    onClick={[Function]}
  >
    Trat 2
  </a>,
  <a
    href="/focus-investigation/filter/8a8e4987-95a9-4b2e-b746-3c9c3eec15c5/236ca3fb-1b74-5028-a0c8-ab954bb28055"
    onClick={[Function]}
  >
    Mueng Trat District 2
  </a>,
  <a
    href="/focus-investigation/filter/735a94f9-6ed2-4bcd-b242-8c2b5f714bee/236ca3fb-1b74-5028-a0c8-ab954bb28055"
    onClick={[Function]}
  >
    Laem Klat Canton 2
  </a>,
  <a
    href="/focus-investigation/filter/a14c6253-2d3d-4bcc-8c49-35f9e44c66e1/236ca3fb-1b74-5028-a0c8-ab954bb28055"
    onClick={[Function]}
  >
    Laem Klat Moo 8
  </a>,
]
`;

exports[`containers/FocusInvestigation/Jurisdiction renders correctly: JurisdictionMap 1`] = `
<JurisdictionMap
  callback={[Function]}
  jurisdictionId="450fc15b-5bd2-468a-927a-49cb10d3bcac"
>
  <div>
    I love oov
  </div>
</JurisdictionMap>
`;

exports[`containers/FocusInvestigation/Jurisdiction renders correctly: Link to create new plans 1`] = `
<a
  className="focus-investigation btn btn-primary float-right mt-5"
  href="/plans/new"
  onClick={[Function]}
>
  Add Focus Investigation
</a>
`;

exports[`containers/FocusInvestigation/Jurisdiction renders correctly: Link to create new plans 2`] = `
<a
  className="focus-investigation btn btn-primary float-right mt-5"
  href="/plans/new"
  onClick={[Function]}
>
  Add Focus Investigation
</a>
`;

exports[`containers/FocusInvestigation/Jurisdiction renders correctly: focus-area-info-section 1`] = `
<dl
  className="row mt-3"
>
  <dt
    className="col-4"
  >
    Province
  </dt>
  <dd
    className="col-8"
  >
    Trat 2
  </dd>
  <dt
    className="col-4"
  >
    District
  </dt>
  <dd
    className="col-8"
  >
    Mueng Trat District 2
  </dd>
  <dt
    className="col-4"
  >
    Canton
  </dt>
  <dd
    className="col-8"
  >
    Laem Klat Canton 2
  </dd>
  <dt
    className="col-4"
  >
    FI Status
  </dt>
  <dd
    className="col-8"
  >
    A1
  </dd>
  <dt
    className="col-4"
  >
    FI Reason
  </dt>
  <dd
    className="col-8"
  >
    Case Triggered
  </dd>
</dl>
`;
