// Jest Snapshot v1, https://goo.gl/fbAQLP

exports[`containers/pages/SingleFI renders SingleFI correctly 1`] = `
<Router
  history={
    Object {
      "action": "POP",
      "block": [Function],
      "createHref": [Function],
      "go": [Function],
      "goBack": [Function],
      "goForward": [Function],
      "length": 1,
      "listen": [Function],
      "location": Object {
        "hash": "",
        "pathname": "/",
        "search": "",
        "state": undefined,
      },
      "push": [Function],
      "replace": [Function],
    }
  }
>
  <SingleFI
    history={
      Object {
        "action": "POP",
        "block": [Function],
        "createHref": [Function],
        "go": [Function],
        "goBack": [Function],
        "goForward": [Function],
        "length": 1,
        "listen": [Function],
        "location": Object {
          "hash": "",
          "pathname": "/",
          "search": "",
          "state": undefined,
        },
        "push": [Function],
        "replace": [Function],
      }
    }
    location={[MockFunction]}
    match={
      Object {
        "isExact": true,
        "params": Object {
          "id": "16",
        },
        "path": "/focus-investigation/view/:id",
        "url": "/focus-investigation/view/16",
      }
    }
  >
    <div>
      <h2
        className="page-title mt-4 mb-5"
      >
        Focus Investigation
         in 
        Focus Area 4
      </h2>
      <Row
        tag="div"
      >
        <div
          className="row"
        >
          <Col
            className="col-6"
            tag="div"
            widths={
              Array [
                "xs",
                "sm",
                "md",
                "lg",
                "xl",
              ]
            }
          >
            <div
              className="col-6 col"
            >
              <h4
                className="mb-4"
              >
                Focus Area Information
              </h4>
              <div
                style={
                  Object {
                    "background": "lightgrey",
                    "height": "200px",
                  }
                }
              />
              <dl
                className="row mt-3"
              >
                <dt
                  className="col-5"
                >
                  Province
                </dt>
                <dd
                  className="col-7"
                >
                  Province 4
                </dd>
                <dt
                  className="col-5"
                >
                  District
                </dt>
                <dd
                  className="col-7"
                >
                  District 4
                </dd>
                <dt
                  className="col-5"
                >
                  Canton
                </dt>
                <dd
                  className="col-7"
                >
                  Canton 4
                </dd>
                <dt
                  className="col-5"
                >
                  Village
                </dt>
                <dd
                  className="col-7"
                >
                  Village 4
                </dd>
                <dt
                  className="col-5"
                >
                  FI Status
                </dt>
                <dd
                  className="col-7"
                >
                  B1
                </dd>
                <dt
                  className="col-5"
                >
                  Last Visit
                </dt>
                <dd
                  className="col-7"
                >
                  29/01/19
                </dd>
                <dt
                  className="col-5"
                >
                  FI Response Adherence
                </dt>
                <dd
                  className="col-7"
                >
                  Yes
                </dd>
              </dl>
              <hr />
              <h5
                className="mb-4 mt-4"
              >
                Past Investigations
              </h5>
              <Table
                responsiveTag="div"
                tag="table"
              >
                <table
                  className="table"
                >
                  <tbody>
                    <tr>
                      <td>
                        <a
                          href="#map"
                        >
                          <FontAwesomeIcon
                            border={false}
                            className=""
                            fixedWidth={false}
                            flip={null}
                            icon={
                              Array [
                                "fas",
                                "map",
                              ]
                            }
                            inverse={false}
                            listItem={false}
                            mask={null}
                            pull={null}
                            pulse={false}
                            rotation={null}
                            size={null}
                            spin={false}
                            symbol={false}
                            title=""
                            transform={null}
                          >
                            <svg
                              aria-hidden="true"
                              className="svg-inline--fa fa-map fa-w-18 "
                              data-icon="map"
                              data-prefix="fas"
                              focusable="false"
                              role="img"
                              style={Object {}}
                              viewBox="0 0 576 512"
                              xmlns="http://www.w3.org/2000/svg"
                            >
                              <path
                                d="M0 117.66v346.32c0 11.32 11.43 19.06 21.94 14.86L160 416V32L20.12 87.95A32.006 32.006 0 0 0 0 117.66zM192 416l192 64V96L192 32v384zM554.06 33.16L416 96v384l139.88-55.95A31.996 31.996 0 0 0 576 394.34V48.02c0-11.32-11.43-19.06-21.94-14.86z"
                                fill="currentColor"
                                style={Object {}}
                              />
                            </svg>
                          </FontAwesomeIcon>
                        </a>
                          
                        <a
                          href="/focus-investigation/view/13"
                        >
                          29/01/19
                        </a>
                      </td>
                    </tr>
                  </tbody>
                </table>
              </Table>
            </div>
          </Col>
          <Col
            className="col-6"
            tag="div"
            widths={
              Array [
                "xs",
                "sm",
                "md",
                "lg",
                "xl",
              ]
            }
          >
            <div
              className="col-6 col"
            >
              <div
                className="fi-active"
              >
                <h5
                  className="mb-4 mt-1"
                >
                  <a
                    href="#map"
                  >
                    <FontAwesomeIcon
                      border={false}
                      className=""
                      fixedWidth={false}
                      flip={null}
                      icon={
                        Array [
                          "fas",
                          "map",
                        ]
                      }
                      inverse={false}
                      listItem={false}
                      mask={null}
                      pull={null}
                      pulse={false}
                      rotation={null}
                      size={null}
                      spin={false}
                      symbol={false}
                      title=""
                      transform={null}
                    >
                      <svg
                        aria-hidden="true"
                        className="svg-inline--fa fa-map fa-w-18 "
                        data-icon="map"
                        data-prefix="fas"
                        focusable="false"
                        role="img"
                        style={Object {}}
                        viewBox="0 0 576 512"
                        xmlns="http://www.w3.org/2000/svg"
                      >
                        <path
                          d="M0 117.66v346.32c0 11.32 11.43 19.06 21.94 14.86L160 416V32L20.12 87.95A32.006 32.006 0 0 0 0 117.66zM192 416l192 64V96L192 32v384zM554.06 33.16L416 96v384l139.88-55.95A31.996 31.996 0 0 0 576 394.34V48.02c0-11.32-11.43-19.06-21.94-14.86z"
                          fill="currentColor"
                          style={Object {}}
                        />
                      </svg>
                    </FontAwesomeIcon>
                  </a>
                    
                  <a
                    href="/focus-investigation/view/13"
                  >
                    Active Investigation: 
                    29/01/19
                  </a>
                </h5>
                <dl
                  className="row mt-3"
                >
                  <dt
                    className="col-5"
                  >
                    Reveal User
                  </dt>
                  <dd
                    className="col-7"
                  >
                    username
                  </dd>
                  <dt
                    className="col-5"
                  >
                    Case Notification Date
                  </dt>
                  <dd
                    className="col-7"
                  >
                    29/01/19
                  </dd>
                  <dt
                    className="col-5"
                  >
                    Case Classification
                  </dt>
                  <dd
                    className="col-7"
                  >
                    Imported
                  </dd>
                  <dt
                    className="col-5"
                  >
                    1-3-7 Adherence
                  </dt>
                  <dd
                    className="col-7"
                  >
                    &lt;1
                    , 
                    0
                    , 
                    6
                     days to go
                  </dd>
                  <dt
                    className="col-5"
                  >
                    Complete
                  </dt>
                  <dd
                    className="col-7"
                  >
                    No
                  </dd>
                </dl>
                <hr />
                <h5
                  className="mb-4 mt-4"
                >
                  Response
                </h5>
                <div
                  className="responseItem"
                >
                  <p>
                    T&T: Yes
                  </p>
                  <div
                    className="targetItem"
                  >
                    <p>
                      Target: 13 of 50 people within 1 km
                    </p>
                    <ProgressBar
                      decimalPoints={0}
                      height="10px"
                      max={50}
                      min={0}
                      value={13}
                    >
                      <div
                        className="progress"
                        style={
                          Object {
                            "height": "10px",
                            "marginBottom": "15px",
                          }
                        }
                      >
                        <div
                          aria-valuemax={50}
                          aria-valuemin={0}
                          aria-valuenow={26}
                          className="progress-bar"
                          role="progressbar"
                          style={
                            Object {
                              "backgroundColor": "#ff5c33",
                              "width": "26%",
                            }
                          }
                        />
                      </div>
                    </ProgressBar>
                  </div>
                  <div
                    className="targetItem"
                  >
                    <p>
                      Target: 9 of 10 HHs within 1 km
                    </p>
                    <ProgressBar
                      decimalPoints={0}
                      height="10px"
                      max={10}
                      min={0}
                      value={9}
                    >
                      <div
                        className="progress"
                        style={
                          Object {
                            "height": "10px",
                            "marginBottom": "15px",
                          }
                        }
                      >
                        <div
                          aria-valuemax={10}
                          aria-valuemin={0}
                          aria-valuenow={90}
                          className="progress-bar"
                          role="progressbar"
                          style={
                            Object {
                              "backgroundColor": "#33ad33",
                              "width": "90%",
                            }
                          }
                        />
                      </div>
                    </ProgressBar>
                  </div>
                </div>
                <div
                  className="responseItem"
                >
                  <p>
                    ITN: Yes
                  </p>
                  <div
                    className="targetItem"
                  >
                    <p>
                      Target: 8 of 10 Houses
                    </p>
                    <ProgressBar
                      decimalPoints={0}
                      height="10px"
                      max={10}
                      min={0}
                      value={8}
                    >
                      <div
                        className="progress"
                        style={
                          Object {
                            "height": "10px",
                            "marginBottom": "15px",
                          }
                        }
                      >
                        <div
                          aria-valuemax={10}
                          aria-valuemin={0}
                          aria-valuenow={80}
                          className="progress-bar"
                          role="progressbar"
                          style={
                            Object {
                              "backgroundColor": "#ff8533",
                              "width": "80%",
                            }
                          }
                        />
                      </div>
                    </ProgressBar>
                  </div>
                  <div
                    className="targetItem"
                  >
                    <p>
                      Target: 15 of 100%
                    </p>
                    <ProgressBar
                      decimalPoints={0}
                      height="10px"
                      max={100}
                      min={0}
                      value={15}
                    >
                      <div
                        className="progress"
                        style={
                          Object {
                            "height": "10px",
                            "marginBottom": "15px",
                          }
                        }
                      >
                        <div
                          aria-valuemax={100}
                          aria-valuemin={0}
                          aria-valuenow={15}
                          className="progress-bar"
                          role="progressbar"
                          style={
                            Object {
                              "backgroundColor": "#ff3",
                              "width": "15%",
                            }
                          }
                        />
                      </div>
                    </ProgressBar>
                  </div>
                </div>
                <Row
                  className="mt-5"
                  tag="div"
                >
                  <div
                    className="mt-5 row"
                  >
                    <Col
                      className="col-6 offset-md-3"
                      tag="div"
                      widths={
                        Array [
                          "xs",
                          "sm",
                          "md",
                          "lg",
                          "xl",
                        ]
                      }
                    >
                      <div
                        className="col-6 offset-md-3 col"
                      >
                        <button
                          className="btn btn-outline-primary btn-block"
                          type="button"
                        >
                          Mark as complete
                        </button>
                      </div>
                    </Col>
                  </div>
                </Row>
              </div>
            </div>
          </Col>
        </div>
      </Row>
    </div>
  </SingleFI>
</Router>
`;
