// Jest Snapshot v1, https://goo.gl/fbAQLP

exports[`components/InterventionPlan/UpdatePlan renders plan Location names component: Renders PlanLocation Mock 1`] = `
<div
  id="Helmuth"
>
   No plan survives enemy contact. 
</div>
`;

exports[`components/InterventionPlan/UpdatePlan renders plan definition list correctly 1`] = `
Object {
  "allFormActivities": Array [
    Object {
      "actionCode": "Case Confirmation",
      "actionDescription": "Confirm the index case",
      "actionIdentifier": "",
      "actionReason": "Investigation",
      "actionTitle": "Case Confirmation",
      "goalDescription": "Confirm the index case",
      "goalDue": 2017-07-20T19:31:00.000Z,
      "goalPriority": "medium-priority",
      "goalValue": 1,
      "timingPeriodEnd": 2017-07-20T19:31:00.000Z,
      "timingPeriodStart": 2017-07-13T19:31:00.000Z,
    },
    Object {
      "actionCode": "RACD Register Family",
      "actionDescription": "Register all families & family members in all residential structures enumerated (100%) within the operational area",
      "actionIdentifier": "",
      "actionReason": "Routine",
      "actionTitle": "Family Registration",
      "condition": Array [
        Object {
          "description": "Structure is residential or type does not exist",
          "expression": "$this.type.where(id='locationType').exists().not() or $this.type.where(id='locationType').text = 'Residential Structure'",
        },
        Object {
          "description": "Family does not exist for structure",
          "expression": "$this.contained.exists().not()",
        },
        Object {
          "description": "Apply to residential structures in Register_Structure questionnaires",
          "expression": "questionnaire = 'Register_Structure' and $this.item.where(linkId='structureType').answer.value ='Residential Structure'",
        },
      ],
      "goalDescription": "Register all families & family members in all residential structures enumerated (100%) within the operational area",
      "goalDue": 2017-07-20T19:31:00.000Z,
      "goalPriority": "medium-priority",
      "goalValue": 100,
      "timingPeriodEnd": 2017-07-20T19:31:00.000Z,
      "timingPeriodStart": 2017-07-13T19:31:00.000Z,
      "trigger": Array [
        Object {
          "name": "plan-activation",
        },
        Object {
          "description": "",
          "expression": "questionnaire = 'Register_Structure'",
          "name": "event-submission",
        },
      ],
    },
    Object {
      "actionCode": "RACD Register Family",
      "actionDescription": "Register all families & family members in all residential structures enumerated (100%) within the operational area",
      "actionIdentifier": "",
      "actionReason": "Investigation",
      "actionTitle": "Family Registration",
      "goalDescription": "Register all families & family members in all residential structures enumerated (100%) within the operational area",
      "goalDue": 2017-07-20T19:31:00.000Z,
      "goalPriority": "medium-priority",
      "goalValue": 100,
      "timingPeriodEnd": 2017-07-20T19:31:00.000Z,
      "timingPeriodStart": 2017-07-13T19:31:00.000Z,
    },
    Object {
      "actionCode": "Blood Screening",
      "actionDescription": "Visit all residential structures (100%) within a 1 km radius of a confirmed index case and test each registered person",
      "actionIdentifier": "",
      "actionReason": "Investigation",
      "actionTitle": "Blood Screening",
      "goalDescription": "Visit all residential structures (100%) within a 1 km radius of a confirmed index case and test each registered person",
      "goalDue": 2017-07-20T19:31:00.000Z,
      "goalPriority": "medium-priority",
      "goalValue": 100,
      "timingPeriodEnd": 2017-07-20T19:31:00.000Z,
      "timingPeriodStart": 2017-07-13T19:31:00.000Z,
    },
    Object {
      "actionCode": "Blood Screening",
      "actionDescription": "Visit all residential structures (100%) within a 1 km radius of a confirmed index case and test each registered person",
      "actionIdentifier": "",
      "actionReason": "Investigation",
      "actionTitle": "Blood Screening",
      "condition": Array [
        Object {
          "description": "Person is older than 5 years or person associated with questionnaire response if older than 5 years",
          "expression": "($this.is(FHIR.Patient) and $this.birthDate <= today() - 5 'years') or ($this.contained.where(Patient.birthDate <= today() - 5 'years').exists())",
        },
      ],
      "goalDescription": "Visit all residential structures (100%) within a 1 km radius of a confirmed index case and test each registered person",
      "goalDue": 2017-07-20T19:31:00.000Z,
      "goalPriority": "medium-priority",
      "goalValue": 100,
      "timingPeriodEnd": 2017-07-20T19:31:00.000Z,
      "timingPeriodStart": 2017-07-13T19:31:00.000Z,
      "trigger": Array [
        Object {
          "name": "plan-activation",
        },
        Object {
          "description": "",
          "expression": "questionnaire = 'Family Registration' or questionnaire = 'Family Member Registration'",
          "name": "event-submission",
        },
      ],
    },
    Object {
      "actionCode": "Bednet Distribution",
      "actionDescription": "Visit 100% of residential structures in the operational area and provide nets",
      "actionIdentifier": "",
      "actionReason": "Investigation",
      "actionTitle": "Bednet Distribution",
      "goalDescription": "Visit 100% of residential structures in the operational area and provide nets",
      "goalDue": 2017-07-20T19:31:00.000Z,
      "goalPriority": "medium-priority",
      "goalValue": 100,
      "timingPeriodEnd": 2017-07-20T19:31:00.000Z,
      "timingPeriodStart": 2017-07-13T19:31:00.000Z,
    },
    Object {
      "actionCode": "Bednet Distribution",
      "actionDescription": "Visit 100% of residential structures in the operational area and provide nets",
      "actionIdentifier": "",
      "actionReason": "Routine",
      "actionTitle": "Bednet Distribution",
      "condition": Array [
        Object {
          "description": "Structure is residential or type does not exist",
          "expression": "$this.type.where(id='locationType').exists().not() or $this.type.where(id='locationType').text = 'Residential Structure'",
        },
        Object {
          "description": "Family exists for structure",
          "expression": "$this.contained.exists()",
        },
        Object {
          "description": "Register structure Event submitted for a residential structure",
          "expression": "questionnaire = 'Register_Structure' and $this.item.where(linkId='structureType').answer.value ='Residential Structure'",
        },
      ],
      "goalDescription": "Visit 100% of residential structures in the operational area and provide nets",
      "goalDue": 2017-07-20T19:31:00.000Z,
      "goalPriority": "medium-priority",
      "goalValue": 100,
      "timingPeriodEnd": 2017-07-20T19:31:00.000Z,
      "timingPeriodStart": 2017-07-13T19:31:00.000Z,
      "trigger": Array [
        Object {
          "name": "plan-activation",
        },
        Object {
          "description": "",
          "expression": "questionnaire = 'Family Registration'",
          "name": "event-submission",
        },
      ],
    },
    Object {
      "actionCode": "Larval Dipping",
      "actionDescription": "Perform a minimum of three larval dipping activities in the operational area",
      "actionIdentifier": "",
      "actionReason": "Investigation",
      "actionTitle": "Larval Dipping",
      "condition": Array [
        Object {
          "description": "Structure is a larval breeding site",
          "expression": "$this.type.where(id='locationType').text = 'Larval Breeding Site'",
        },
        Object {
          "description": "Apply to larval breeding sites in Register_Structure questionnaires",
          "expression": "questionnaire = 'Register_Structure' and $this.item.where(linkId='structureType').answer.value ='Larval Breeding Site'",
        },
      ],
      "goalDescription": "Perform a minimum of three larval dipping activities in the operational area",
      "goalDue": 2017-07-20T19:31:00.000Z,
      "goalPriority": "medium-priority",
      "goalValue": 3,
      "timingPeriodEnd": 2017-07-20T19:31:00.000Z,
      "timingPeriodStart": 2017-07-13T19:31:00.000Z,
      "trigger": Array [
        Object {
          "name": "plan-activation",
        },
        Object {
          "description": "",
          "expression": "questionnaire = 'Register_Structure'",
          "name": "event-submission",
        },
      ],
    },
    Object {
      "actionCode": "Larval Dipping",
      "actionDescription": "Perform a minimum of three larval dipping activities in the operational area",
      "actionIdentifier": "",
      "actionReason": "Investigation",
      "actionTitle": "Larval Dipping",
      "goalDescription": "Perform a minimum of three larval dipping activities in the operational area",
      "goalDue": 2017-07-20T19:31:00.000Z,
      "goalPriority": "medium-priority",
      "goalValue": 3,
      "timingPeriodEnd": 2017-07-20T19:31:00.000Z,
      "timingPeriodStart": 2017-07-13T19:31:00.000Z,
    },
    Object {
      "actionCode": "Mosquito Collection",
      "actionDescription": "Set a minimum of three mosquito collection traps and complete the mosquito collection process",
      "actionIdentifier": "",
      "actionReason": "Investigation",
      "actionTitle": "Mosquito Collection",
      "condition": Array [
        Object {
          "description": "Structure is a mosquito collection point",
          "expression": "$this.type.where(id='locationType').text = 'Mosquito Collection Point'",
        },
        Object {
          "description": "Apply to mosquito collection point in Register_Structure questionnaires",
          "expression": "questionnaire = 'Register_Structure' and $this.item.where(linkId='structureType').answer.value ='Mosquito Collection Point'",
        },
      ],
      "goalDescription": "Set a minimum of three mosquito collection traps and complete the mosquito collection process",
      "goalDue": 2017-07-20T19:31:00.000Z,
      "goalPriority": "medium-priority",
      "goalValue": 3,
      "timingPeriodEnd": 2017-07-20T19:31:00.000Z,
      "timingPeriodStart": 2017-07-13T19:31:00.000Z,
      "trigger": Array [
        Object {
          "name": "plan-activation",
        },
        Object {
          "description": "",
          "expression": "questionnaire = 'Register_Structure'",
          "name": "event-submission",
        },
      ],
    },
    Object {
      "actionCode": "Mosquito Collection",
      "actionDescription": "Set a minimum of three mosquito collection traps and complete the mosquito collection process",
      "actionIdentifier": "",
      "actionReason": "Investigation",
      "actionTitle": "Mosquito Collection",
      "goalDescription": "Set a minimum of three mosquito collection traps and complete the mosquito collection process",
      "goalDue": 2017-07-20T19:31:00.000Z,
      "goalPriority": "medium-priority",
      "goalValue": 3,
      "timingPeriodEnd": 2017-07-20T19:31:00.000Z,
      "timingPeriodStart": 2017-07-13T19:31:00.000Z,
    },
    Object {
      "actionCode": "IRS",
      "actionDescription": "Visit each structure in the operational area and attempt to spray",
      "actionIdentifier": "",
      "actionReason": "Routine",
      "actionTitle": "Spray Structures",
      "goalDescription": "Spray structures in the operational area",
      "goalDue": 2017-07-20T19:31:00.000Z,
      "goalPriority": "medium-priority",
      "goalValue": 90,
      "timingPeriodEnd": 2017-07-20T19:31:00.000Z,
      "timingPeriodStart": 2017-07-13T19:31:00.000Z,
    },
    Object {
      "actionCode": "IRS",
      "actionDescription": "Visit each structure in the operational area and attempt to spray",
      "actionIdentifier": "",
      "actionReason": "Routine",
      "actionTitle": "Spray Structures",
      "condition": Array [
        Object {
          "description": "Structure is residential or type does not exist",
          "expression": "$this.type.where(id='locationType').exists().not() or $this.type.where(id='locationType').text = 'Residential Structure'",
        },
        Object {
          "description": "Apply to residential structures in Register_Structure questionnaires",
          "expression": "questionnaire = 'Register_Structure' and $this.item.where(linkId='structureType').answer.value ='Residential Structure'",
        },
      ],
      "goalDescription": "Spray structures in the operational area",
      "goalDue": 2017-07-20T19:31:00.000Z,
      "goalPriority": "medium-priority",
      "goalValue": 90,
      "timingPeriodEnd": 2017-07-20T19:31:00.000Z,
      "timingPeriodStart": 2017-07-13T19:31:00.000Z,
      "trigger": Array [
        Object {
          "name": "plan-activation",
        },
        Object {
          "description": "",
          "expression": "questionnaire = 'Register_Structure'",
          "name": "event-submission",
        },
      ],
    },
    Object {
      "actionCode": "MDA Dispense",
      "actionDescription": "Dispense medication to each eligible person",
      "actionIdentifier": "",
      "actionReason": "Routine",
      "actionTitle": "MDA Dispense",
      "goalDescription": "Dispense medication to each eligible person",
      "goalDue": 2017-07-20T19:31:00.000Z,
      "goalPriority": "medium-priority",
      "goalValue": 100,
      "timingPeriodEnd": 2017-07-20T19:31:00.000Z,
      "timingPeriodStart": 2017-07-13T19:31:00.000Z,
    },
    Object {
      "actionCode": "MDA Adverse Event(s)",
      "actionDescription": "Report any adverse events from medication",
      "actionIdentifier": "",
      "actionReason": "Routine",
      "actionTitle": "MDA Adverse Event(s)",
      "goalDescription": "Report any adverse events from medication",
      "goalDue": 2017-07-20T19:31:00.000Z,
      "goalPriority": "medium-priority",
      "goalValue": 2,
      "timingPeriodEnd": 2017-07-20T19:31:00.000Z,
      "timingPeriodStart": 2017-07-13T19:31:00.000Z,
    },
    Object {
      "actionCode": "MDA Dispense",
      "actionDescription": "Visit all residential structures (100%) and dispense prophylaxis to each registered person",
      "actionIdentifier": "",
      "actionReason": "Routine",
      "actionTitle": "MDA Dispense",
      "condition": Array [
        Object {
          "description": "Person is older than 5 years or person associated with questionaire response if older than 5 years",
          "expression": "($this.is(FHIR.Patient) and $this.birthDate <= today() - 5 'years') or ($this.contained.where(Patient.birthDate <= today() - 5 'years').exists())",
        },
      ],
      "goalDescription": "Visit all residential structures (100%) dispense prophylaxis to each registered person",
      "goalDue": 2017-07-20T19:31:00.000Z,
      "goalPriority": "medium-priority",
      "goalValue": 100,
      "timingPeriodEnd": 2017-07-20T19:31:00.000Z,
      "timingPeriodStart": 2017-07-13T19:31:00.000Z,
      "trigger": Array [
        Object {
          "name": "plan-activation",
        },
        Object {
          "description": "",
          "expression": "questionnaire = 'Family Registration' or questionnaire = 'Family Member Registration'",
          "name": "event-submission",
        },
      ],
    },
    Object {
      "actionCode": "MDA Adherence",
      "actionDescription": "Visit all residential structures (100%) and confirm adherence of each registered person",
      "actionIdentifier": "",
      "actionReason": "Routine",
      "actionTitle": "MDA Adherence",
      "condition": Array [
        Object {
          "description": "The person fully received the dispense activity",
          "expression": "$this.item.where(linkId='business_status').answer.value = 'Fully Received'",
        },
      ],
      "goalDescription": "Visit all residential structures (100%) and confirm adherence of each registered person",
      "goalDue": 2017-07-20T19:31:00.000Z,
      "goalPriority": "medium-priority",
      "goalValue": 100,
      "timingPeriodEnd": 2017-07-20T19:31:00.000Z,
      "timingPeriodStart": 2017-07-13T19:31:00.000Z,
      "trigger": Array [
        Object {
          "description": "",
          "expression": "questionnaire = 'mda_dispense'",
          "name": "event-submission",
        },
      ],
    },
    Object {
      "actionCode": "BCC",
      "actionDescription": "Conduct BCC activity",
      "actionIdentifier": "",
      "actionReason": "Investigation",
      "actionTitle": "Behaviour Change Communication",
      "goalDescription": "Complete at least 1 BCC activity for the operational area",
      "goalDue": 2017-07-20T19:31:00.000Z,
      "goalPriority": "medium-priority",
      "goalValue": 1,
      "timingPeriodEnd": 2017-07-20T19:31:00.000Z,
      "timingPeriodStart": 2017-07-13T19:31:00.000Z,
    },
    Object {
      "actionCode": "BCC",
      "actionDescription": "Conduct BCC activity",
      "actionIdentifier": "",
      "actionReason": "Routine",
      "actionTitle": "Behaviour Change Communication",
      "condition": Array [
        Object {
          "description": "Jurisdiction type location",
          "expression": "Location.physicalType.text = 'jdn'",
        },
      ],
      "goalDescription": "Complete at least 1 BCC activity for the operational area",
      "goalDue": 2017-07-20T19:31:00.000Z,
      "goalPriority": "medium-priority",
      "goalValue": 1,
      "timingPeriodEnd": 2017-07-20T19:31:00.000Z,
      "timingPeriodStart": 2017-07-13T19:31:00.000Z,
      "trigger": Array [
        Object {
          "name": "plan-activation",
        },
      ],
    },
  ],
  "allowMoreJurisdictions": true,
  "cascadingSelect": true,
  "disabledActivityFields": Array [
    "actionReason",
    "goalPriority",
  ],
  "disabledFields": Array [
    "interventionType",
    "fiReason",
    "fiStatus",
    "identifier",
    "name",
    "caseNum",
    "opensrpEventId",
    "jurisdictions",
    "activities",
    "date",
    "end",
    "fiReason",
    "fiStatus",
    "start",
    "taskGenerationStatus",
    "title",
    "version",
  ],
  "formHandler": Any<Function>,
  "initialValues": Object {
    "activities": Array [
      Object {
        "actionCode": "BCC",
        "actionDescription": "Perform BCC for the operational area",
        "actionIdentifier": "3f2eef38-38fe-4108-abb3-4e896b880302",
        "actionReason": "Routine",
        "actionTitle": "Perform BCC",
        "goalDescription": "Complete BCC for the operational area",
        "goalDue": 2019-07-10T00:00:00.000Z,
        "goalPriority": "medium-priority",
        "goalValue": 1,
        "timingPeriodEnd": 2019-07-30T00:00:00.000Z,
        "timingPeriodStart": 2019-07-10T00:00:00.000Z,
      },
      Object {
        "actionCode": "IRS",
        "actionDescription": "Visit each structure in the operational area and attempt to spray",
        "actionIdentifier": "95a5a00f-a411-4fe5-bd9c-460a856239c9",
        "actionReason": "Routine",
        "actionTitle": "Spray Structures",
        "goalDescription": "Spray 90 % of structures in the operational area",
        "goalDue": 2019-07-30T00:00:00.000Z,
        "goalPriority": "medium-priority",
        "goalValue": 90,
        "timingPeriodEnd": 2019-07-30T00:00:00.000Z,
        "timingPeriodStart": 2019-07-10T00:00:00.000Z,
      },
    ],
    "caseNum": "",
    "date": 2019-07-10T00:00:00.000Z,
    "end": 2019-07-30T00:00:00.000Z,
    "fiReason": undefined,
    "fiStatus": undefined,
    "identifier": "8fa7eb32-99d7-4b49-8332-9ecedd6d51ae",
    "interventionType": "IRS",
    "jurisdictions": Array [
      Object {
        "id": "35968df5-f335-44ae-8ae5-25804caa2d86",
        "name": "35968df5-f335-44ae-8ae5-25804caa2d86",
      },
      Object {
        "id": "3952",
        "name": "3952",
      },
      Object {
        "id": "ac7ba751-35e8-4b46-9e53-3cbaad193697",
        "name": "ac7ba751-35e8-4b46-9e53-3cbaad193697",
      },
    ],
    "name": "TwoTwoOne_01_IRS_2019-07-10",
    "opensrpEventId": undefined,
    "start": 2019-07-10T00:00:00.000Z,
    "status": "active",
    "taskGenerationStatus": "False",
    "title": "TwoTwoOne_01 IRS 2019-07-10",
    "version": "1",
  },
  "jurisdictionLabel": "Focus Area",
  "redirectAfterAction": "/plans/list",
  "renderLocationNames": Any<Function>,
}
`;

exports[`components/InterventionPlan/UpdatePlan renders plan definition list correctly: Breadcrumb 1`] = `
<Breadcrumb
  aria-label="breadcrumb"
  className="reveal-breadcrumb"
  listTag="ol"
  tag="nav"
>
  <nav
    aria-label="breadcrumb"
    className="reveal-breadcrumb"
  >
    <ol
      className="breadcrumb"
    >
      <BreadcrumbItem
        key="0"
        tag="li"
      >
        <li
          className="breadcrumb-item"
        >
          <Link
            key="0"
            replace={false}
            to="/"
          >
            <a
              href="/"
              onClick={[Function]}
            >
              Home
            </a>
          </Link>
        </li>
      </BreadcrumbItem>
      <BreadcrumbItem
        key="1"
        tag="li"
      >
        <li
          className="breadcrumb-item"
        >
          <Link
            key="1"
            replace={false}
            to="/plans/list"
          >
            <a
              href="/plans/list"
              onClick={[Function]}
            >
              Manage Plans
            </a>
          </Link>
        </li>
      </BreadcrumbItem>
      <BreadcrumbItem
        active={true}
        tag="li"
      >
        <li
          aria-current="page"
          className="active breadcrumb-item"
        >
          Update Plan: TwoTwoOne_01 IRS 2019-07-10
        </li>
      </BreadcrumbItem>
    </ol>
  </nav>
</Breadcrumb>
`;

exports[`components/InterventionPlan/UpdatePlan renders plan definition list correctly: Page title 1`] = `
<h3
  className="mb-3 page-title"
>
  Update Plan: TwoTwoOne_01 IRS 2019-07-10
</h3>
`;
