// Jest Snapshot v1, https://goo.gl/fbAQLP

exports[`components/page/HeaderBreadcrumb/helpers renders LinkList correctly 1`] = `
<LinkList
  pages={
    Array [
      Object {
        "label": "Home",
        "url": "/",
      },
      Object {
        "label": "Programs",
        "url": "/programs",
      },
      Object {
        "label": "Provinces",
        "url": "",
      },
      Object {
        "label": "Disctricts",
      },
    ]
  }
>
  <BreadcrumbItem
    key="0"
    tag="li"
  >
    <li
      className="breadcrumb-item"
    >
      <Link
        key="0"
        to="/"
      >
        <LinkAnchor
          href="/"
          navigate={[Function]}
        >
          <a
            href="/"
            onClick={[Function]}
          >
            Home
          </a>
        </LinkAnchor>
      </Link>
    </li>
  </BreadcrumbItem>
  <BreadcrumbItem
    key="1"
    tag="li"
  >
    <li
      className="breadcrumb-item"
    >
      <Link
        key="1"
        to="/programs"
      >
        <LinkAnchor
          href="/programs"
          navigate={[Function]}
        >
          <a
            href="/programs"
            onClick={[Function]}
          >
            Programs
          </a>
        </LinkAnchor>
      </Link>
    </li>
  </BreadcrumbItem>
  <BreadcrumbItem
    key="2"
    tag="li"
  >
    <li
      className="breadcrumb-item"
    >
      Provinces
    </li>
  </BreadcrumbItem>
  <BreadcrumbItem
    key="3"
    tag="li"
  >
    <li
      className="breadcrumb-item"
    >
      Disctricts
    </li>
  </BreadcrumbItem>
</LinkList>
`;
