// Jest Snapshot v1, https://goo.gl/fbAQLP

exports[`App renders App correctly 1`] = `
<Router
  history={
    Object {
      "action": "POP",
      "block": [Function],
      "createHref": [Function],
      "go": [Function],
      "goBack": [Function],
      "goForward": [Function],
      "length": 1,
      "listen": [Function],
      "location": Object {
        "hash": "",
        "pathname": "/",
        "search": "",
        "state": undefined,
      },
      "push": [Function],
      "replace": [Function],
    }
  }
>
  <App>
    <Container
      tag="div"
    >
      <div
        className="container"
      >
        <Header>
          <div>
            <Navbar
              color="light"
              expand="md"
              light={true}
              tag="nav"
            >
              <nav
                className="navbar navbar-expand-md navbar-light bg-light"
              >
                <NavbarBrand
                  href="/"
                  tag="a"
                >
                  <a
                    className="navbar-brand"
                    href="/"
                  >
                    Reveal
                  </a>
                </NavbarBrand>
                <NavbarToggler
                  onClick={[Function]}
                  tag="button"
                  type="button"
                >
                  <button
                    className="navbar-toggler"
                    onClick={[Function]}
                    type="button"
                  >
                    <span
                      className="navbar-toggler-icon"
                    />
                  </button>
                </NavbarToggler>
                <Collapse
                  appear={false}
                  enter={true}
                  exit={true}
                  in={false}
                  isOpen={false}
                  mountOnEnter={false}
                  navbar={true}
                  onEnter={[Function]}
                  onEntered={[Function]}
                  onEntering={[Function]}
                  onExit={[Function]}
                  onExited={[Function]}
                  onExiting={[Function]}
                  tag="div"
                  timeout={350}
                  unmountOnExit={false}
                >
                  <Transition
                    appear={false}
                    enter={true}
                    exit={true}
                    in={false}
                    mountOnEnter={false}
                    onEnter={[Function]}
                    onEntered={[Function]}
                    onEntering={[Function]}
                    onExit={[Function]}
                    onExited={[Function]}
                    onExiting={[Function]}
                    timeout={350}
                    unmountOnExit={false}
                  >
                    <div
                      className="collapse navbar-collapse"
                      style={Object {}}
                    >
                      <Nav
                        className="mr-auto"
                        navbar={true}
                        tag="ul"
                        vertical={false}
                      >
                        <ul
                          className="mr-auto navbar-nav"
                        >
                          <NavItem
                            tag="li"
                          >
                            <li
                              className="nav-item"
                            >
                              <NavLink
                                activeClassName="active"
                                aria-current="page"
                                className="nav-link"
                                to="/"
                              >
                                <Route
                                  path="\\\\/"
                                >
                                  <Link
                                    aria-current="page"
                                    className="nav-link active"
                                    replace={false}
                                    style={Object {}}
                                    to="/"
                                  >
                                    <a
                                      aria-current="page"
                                      className="nav-link active"
                                      href="/"
                                      onClick={[Function]}
                                      style={Object {}}
                                    >
                                      Home
                                    </a>
                                  </Link>
                                </Route>
                              </NavLink>
                            </li>
                          </NavItem>
                          <NavItem
                            tag="li"
                          >
                            <li
                              className="nav-item"
                            >
                              <NavLink
                                activeClassName="active"
                                aria-current="page"
                                className="nav-link"
                                to="/irs"
                              >
                                <Route
                                  path="\\\\/irs"
                                >
                                  <Link
                                    aria-current={null}
                                    className="nav-link"
                                    replace={false}
                                    to="/irs"
                                  >
                                    <a
                                      aria-current={null}
                                      className="nav-link"
                                      href="/irs"
                                      onClick={[Function]}
                                    >
                                      IRS
                                    </a>
                                  </Link>
                                </Route>
                              </NavLink>
                            </li>
                          </NavItem>
                          <NavItem
                            tag="li"
                          >
                            <li
                              className="nav-item"
                            >
                              <NavLink
                                activeClassName="active"
                                aria-current="page"
                                className="nav-link"
                                to="/404"
                              >
                                <Route
                                  path="\\\\/404"
                                >
                                  <Link
                                    aria-current={null}
                                    className="nav-link"
                                    replace={false}
                                    to="/404"
                                  >
                                    <a
                                      aria-current={null}
                                      className="nav-link"
                                      href="/404"
                                      onClick={[Function]}
                                    >
                                      Focus Investigation
                                    </a>
                                  </Link>
                                </Route>
                              </NavLink>
                            </li>
                          </NavItem>
                          <NavItem
                            tag="li"
                          >
                            <li
                              className="nav-item"
                            >
                              <NavLink
                                activeClassName="active"
                                aria-current="page"
                                className="nav-link"
                                to="/404"
                              >
                                <Route
                                  path="\\\\/404"
                                >
                                  <Link
                                    aria-current={null}
                                    className="nav-link"
                                    replace={false}
                                    to="/404"
                                  >
                                    <a
                                      aria-current={null}
                                      className="nav-link"
                                      href="/404"
                                      onClick={[Function]}
                                    >
                                      Users
                                    </a>
                                  </Link>
                                </Route>
                              </NavLink>
                            </li>
                          </NavItem>
                          <NavItem
                            tag="li"
                          >
                            <li
                              className="nav-item"
                            >
                              <NavLink
                                activeClassName="active"
                                aria-current="page"
                                className="nav-link"
                                to="/404"
                              >
                                <Route
                                  path="\\\\/404"
                                >
                                  <Link
                                    aria-current={null}
                                    className="nav-link"
                                    replace={false}
                                    to="/404"
                                  >
                                    <a
                                      aria-current={null}
                                      className="nav-link"
                                      href="/404"
                                      onClick={[Function]}
                                    >
                                      About
                                    </a>
                                  </Link>
                                </Route>
                              </NavLink>
                            </li>
                          </NavItem>
                        </ul>
                      </Nav>
                      <Nav
                        className="ml-0"
                        navbar={true}
                        tag="ul"
                        vertical={false}
                      >
                        <ul
                          className="ml-0 navbar-nav"
                        >
                          <UncontrolledDropdown
                            inNavbar={true}
                            nav={true}
                          >
                            <Dropdown
                              active={false}
                              addonType={false}
                              direction="down"
                              inNavbar={true}
                              isOpen={false}
                              nav={true}
                              setActiveFromChild={false}
                              toggle={[Function]}
                            >
                              <Manager
                                className="dropdown nav-item"
                                onKeyDown={[Function]}
                                tag="li"
                              >
                                <li
                                  className="dropdown nav-item"
                                  onKeyDown={[Function]}
                                >
                                  <DropdownToggle
                                    aria-haspopup={true}
                                    caret={true}
                                    color="secondary"
                                    nav={true}
                                  >
                                    <a
                                      aria-expanded={false}
                                      aria-haspopup={true}
                                      className="dropdown-toggle nav-link"
                                      href="#"
                                      onClick={[Function]}
                                    >
                                      <FontAwesomeIcon
                                        border={false}
                                        className=""
                                        fixedWidth={false}
                                        flip={null}
                                        icon={
                                          Array [
                                            "far",
                                            "user",
                                          ]
                                        }
                                        inverse={false}
                                        listItem={false}
                                        mask={null}
                                        pull={null}
                                        pulse={false}
                                        rotation={null}
                                        size={null}
                                        spin={false}
                                        symbol={false}
                                        title=""
                                        transform={null}
                                      >
                                        <svg
                                          aria-hidden="true"
                                          className="svg-inline--fa fa-user fa-w-14 "
                                          data-icon="user"
                                          data-prefix="far"
                                          focusable="false"
                                          role="img"
                                          style={Object {}}
                                          viewBox="0 0 448 512"
                                          xmlns="http://www.w3.org/2000/svg"
                                        >
                                          <path
                                            d="M313.6 304c-28.7 0-42.5 16-89.6 16-47.1 0-60.8-16-89.6-16C60.2 304 0 364.2 0 438.4V464c0 26.5 21.5 48 48 48h352c26.5 0 48-21.5 48-48v-25.6c0-74.2-60.2-134.4-134.4-134.4zM400 464H48v-25.6c0-47.6 38.8-86.4 86.4-86.4 14.6 0 38.3 16 89.6 16 51.7 0 74.9-16 89.6-16 47.6 0 86.4 38.8 86.4 86.4V464zM224 288c79.5 0 144-64.5 144-144S303.5 0 224 0 80 64.5 80 144s64.5 144 144 144zm0-240c52.9 0 96 43.1 96 96s-43.1 96-96 96-96-43.1-96-96 43.1-96 96-96z"
                                            fill="currentColor"
                                            style={Object {}}
                                          />
                                        </svg>
                                      </FontAwesomeIcon>
                                       Roger
                                    </a>
                                  </DropdownToggle>
                                  <DropdownMenu
                                    flip={true}
                                    right={true}
                                    tag="div"
                                  >
                                    <div
                                      aria-hidden={true}
                                      className="dropdown-menu dropdown-menu-right"
                                      role="menu"
                                      tabIndex="-1"
                                    >
                                      <DropdownItem
                                        tag="button"
                                        toggle={true}
                                      >
                                        <button
                                          className="dropdown-item"
                                          onClick={[Function]}
                                          role="menuitem"
                                          tabIndex="0"
                                          type="button"
                                        >
                                          Sign Out
                                        </button>
                                      </DropdownItem>
                                    </div>
                                  </DropdownMenu>
                                </li>
                              </Manager>
                            </Dropdown>
                          </UncontrolledDropdown>
                        </ul>
                      </Nav>
                    </div>
                  </Transition>
                </Collapse>
              </nav>
            </Navbar>
          </div>
        </Header>
        <Row
          tag="div"
        >
          <div
            className="row"
          >
            <Col
              tag="div"
              widths={
                Array [
                  "xs",
                  "sm",
                  "md",
                  "lg",
                  "xl",
                ]
              }
            >
              <div
                className="col"
              >
                <Switch>
                  <Route
                    component={[Function]}
                    computedMatch={
                      Object {
                        "isExact": true,
                        "params": Object {},
                        "path": "/",
                        "url": "/",
                      }
                    }
                    exact={true}
                    location={
                      Object {
                        "hash": "",
                        "pathname": "/",
                        "search": "",
                        "state": undefined,
                      }
                    }
                    path="/"
                  >
                    <Home
                      history={
                        Object {
                          "action": "POP",
                          "block": [Function],
                          "createHref": [Function],
                          "go": [Function],
                          "goBack": [Function],
                          "goForward": [Function],
                          "length": 1,
                          "listen": [Function],
                          "location": Object {
                            "hash": "",
                            "pathname": "/",
                            "search": "",
                            "state": undefined,
                          },
                          "push": [Function],
                          "replace": [Function],
                        }
                      }
                      location={
                        Object {
                          "hash": "",
                          "pathname": "/",
                          "search": "",
                          "state": undefined,
                        }
                      }
                      match={
                        Object {
                          "isExact": true,
                          "params": Object {},
                          "path": "/",
                          "url": "/",
                        }
                      }
                    >
                      <div
                        className="text-center"
                      >
                        <Row
                          className="welcome-box"
                          tag="div"
                        >
                          <div
                            className="welcome-box row"
                          >
                            <Col
                              tag="div"
                              widths={
                                Array [
                                  "xs",
                                  "sm",
                                  "md",
                                  "lg",
                                  "xl",
                                ]
                              }
                            >
                              <div
                                className="col"
                              >
                                <h3>
                                  Welcome to Reveal
                                </h3>
                                <p>
                                  Get started by selecting an intervention below
                                </p>
                              </div>
                            </Col>
                          </div>
                        </Row>
                        <Row
                          className="intervention-box"
                          tag="div"
                        >
                          <div
                            className="intervention-box row"
                          >
                            <Col
                              md="6"
                              tag="div"
                              widths={
                                Array [
                                  "xs",
                                  "sm",
                                  "md",
                                  "lg",
                                  "xl",
                                ]
                              }
                            >
                              <div
                                className="col-md-6"
                              >
                                <Link
                                  className="intervention-link"
                                  replace={false}
                                  to="/irs"
                                >
                                  <a
                                    className="intervention-link"
                                    href="/irs"
                                    onClick={[Function]}
                                  >
                                    <Button
                                      className="btn-intervention btn-lg btn-block btn-outline-dark"
                                      color="outline"
                                      tag="button"
                                    >
                                      <button
                                        aria-label={null}
                                        className="btn-intervention btn-lg btn-block btn-outline-dark btn btn-outline"
                                        onClick={[Function]}
                                      >
                                        IRS
                                      </button>
                                    </Button>
                                  </a>
                                </Link>
                              </div>
                            </Col>
                            <Col
                              md="6"
                              tag="div"
                              widths={
                                Array [
                                  "xs",
                                  "sm",
                                  "md",
                                  "lg",
                                  "xl",
                                ]
                              }
                            >
                              <div
                                className="col-md-6"
                              >
                                <Link
                                  className="intervention-link"
                                  replace={false}
                                  to="/404"
                                >
                                  <a
                                    className="intervention-link"
                                    href="/404"
                                    onClick={[Function]}
                                  >
                                    <Button
                                      className="btn-intervention btn-lg btn-block btn-outline-dark"
                                      color="outline"
                                      tag="button"
                                    >
                                      <button
                                        aria-label={null}
                                        className="btn-intervention btn-lg btn-block btn-outline-dark btn btn-outline"
                                        onClick={[Function]}
                                      >
                                        Focus Investigation
                                      </button>
                                    </Button>
                                  </a>
                                </Link>
                              </div>
                            </Col>
                          </div>
                        </Row>
                      </div>
                    </Home>
                  </Route>
                </Switch>
              </div>
            </Col>
          </div>
        </Row>
      </div>
    </Container>
  </App>
</Router>
`;
