// Jest Snapshot v1, https://goo.gl/fbAQLP

exports[`components/InterventionPlan/PlanDefinitionList renders plan definition list correctly: bread crumb props 1`] = `
Object {
  "currentPage": Object {
    "label": "Manage Plans",
    "url": "/plans/list",
  },
  "pages": Array [
    Object {
      "label": "Home",
      "url": "/",
    },
  ],
}
`;

exports[`components/InterventionPlan/PlanDefinitionList renders plan definition list correctly: helmet 1`] = `
<HelmetWrapper
  defer={true}
  encodeSpecialCharacters={true}
>
  <SideEffect(NullComponent)
    defer={true}
    encodeSpecialCharacters={true}
    title="Manage Plans"
    titleAttributes={Object {}}
  >
    <NullComponent
      defer={true}
      encodeSpecialCharacters={true}
      title="Manage Plans"
      titleAttributes={Object {}}
    />
  </SideEffect(NullComponent)>
</HelmetWrapper>
`;

exports[`components/InterventionPlan/PlanDefinitionList renders plan definition list correctly: row heading 1`] = `
<Row
  tag="div"
>
  <div
    className="row"
  >
    <Col
      md={8}
      tag="div"
      widths={
        Array [
          "xs",
          "sm",
          "md",
          "lg",
          "xl",
        ]
      }
    >
      <div
        className="col-md-8"
      >
        <h3
          className="mt-3 mb-3 page-title"
        >
          Manage Plans
        </h3>
      </div>
    </Col>
    <Col
      md={4}
      tag="div"
      widths={
        Array [
          "xs",
          "sm",
          "md",
          "lg",
          "xl",
        ]
      }
    >
      <div
        className="col-md-4"
      >
        <LinkAsButton
          classNameProp="focus-investigation btn btn-primary float-right mt-3 mb-3"
          text="Add Plan"
          to="/plans/new"
        >
          <Link
            className="focus-investigation btn btn-primary float-right mt-3 mb-3"
            replace={false}
            to="/plans/new"
          >
            <a
              className="focus-investigation btn btn-primary float-right mt-3 mb-3"
              href="/plans/new"
              onClick={[Function]}
            >
              Add Plan
            </a>
          </Link>
        </LinkAsButton>
      </div>
    </Col>
  </div>
</Row>
`;
