// Jest Snapshot v1, https://goo.gl/fbAQLP

exports[`components/LinkToNewPlans Matches snapshot 1`] = `
<ClientUpload>
  <div>
    <Modal
      autoFocus={true}
      backdrop={true}
      backdropTransition={
        Object {
          "mountOnEnter": true,
          "timeout": 150,
        }
      }
      centered={false}
      fade={true}
      isOpen={true}
      keyboard={true}
      modalTransition={
        Object {
          "timeout": 300,
        }
      }
      onClosed={[Function]}
      onOpened={[Function]}
      role="dialog"
      zIndex={1050}
    >
      <Portal
        node={
          <div
            style="position: relative; z-index: 1050;"
            tabindex="-1"
          >
            <div
              class=""
            >
              <div
                class="modal fade"
                role="dialog"
                style="display: block;"
                tabindex="-1"
              >
                <div
                  class="modal-dialog"
                  role="document"
                >
                  <div
                    class="modal-content"
                  >
                    <div
                      class="modal-header"
                    >
                      <h5
                        class="modal-title"
                      >
                        Modal title
                      </h5>
                    </div>
                    <div
                      class="modal-body"
                    >
                      <form
                        data-enctype="multipart/form-data"
                      >
                        <div
                          class="form-group"
                        >
                          <label
                            class=""
                            for="upload-file"
                          >
                            Upload File
                          </label>
                          <input
                            accept=".csv"
                            class="form-control-file"
                            id="exampleFile"
                            name="file"
                            type="file"
                          />
                        </div>
                        <hr />
                        <div
                          style="display: inline-block; width: 12rem;"
                        >
                          <button
                            class="btn btn-md btn btn-primary btn btn-primary"
                            id="studentexportform-submit-button"
                            type="submit"
                          >
                            Submit
                          </button>
                          <a
                            class="focus-investigation btn btn-primary float-right mt-0"
                            href="/clients/students"
                          >
                            Go Back
                          </a>
                        </div>
                      </form>
                    </div>
                  </div>
                </div>
              </div>
              <div
                class="modal-backdrop fade"
              />
            </div>
          </div>
        }
      >
        <Portal
          containerInfo={
            <div
              style="position: relative; z-index: 1050;"
              tabindex="-1"
            >
              <div
                class=""
              >
                <div
                  class="modal fade"
                  role="dialog"
                  style="display: block;"
                  tabindex="-1"
                >
                  <div
                    class="modal-dialog"
                    role="document"
                  >
                    <div
                      class="modal-content"
                    >
                      <div
                        class="modal-header"
                      >
                        <h5
                          class="modal-title"
                        >
                          Modal title
                        </h5>
                      </div>
                      <div
                        class="modal-body"
                      >
                        <form
                          data-enctype="multipart/form-data"
                        >
                          <div
                            class="form-group"
                          >
                            <label
                              class=""
                              for="upload-file"
                            >
                              Upload File
                            </label>
                            <input
                              accept=".csv"
                              class="form-control-file"
                              id="exampleFile"
                              name="file"
                              type="file"
                            />
                          </div>
                          <hr />
                          <div
                            style="display: inline-block; width: 12rem;"
                          >
                            <button
                              class="btn btn-md btn btn-primary btn btn-primary"
                              id="studentexportform-submit-button"
                              type="submit"
                            >
                              Submit
                            </button>
                            <a
                              class="focus-investigation btn btn-primary float-right mt-0"
                              href="/clients/students"
                            >
                              Go Back
                            </a>
                          </div>
                        </form>
                      </div>
                    </div>
                  </div>
                </div>
                <div
                  class="modal-backdrop fade"
                />
              </div>
            </div>
          }
        >
          <div
            className=""
          >
            <Fade
              appear={true}
              baseClass="fade"
              baseClassActive="show"
              className="modal"
              enter={true}
              exit={true}
              in={true}
              mountOnEnter={false}
              onClick={[Function]}
              onEnter={[Function]}
              onEntered={[Function]}
              onEntering={[Function]}
              onExit={[Function]}
              onExited={[Function]}
              onExiting={[Function]}
              onKeyDown={[Function]}
              onKeyUp={[Function]}
              onMouseDown={[Function]}
              role="dialog"
              style={
                Object {
                  "display": "block",
                }
              }
              tabIndex="-1"
              tag="div"
              timeout={300}
              unmountOnExit={false}
            >
              <Transition
                appear={true}
                enter={true}
                exit={true}
                in={true}
                mountOnEnter={false}
                onEnter={[Function]}
                onEntered={[Function]}
                onEntering={[Function]}
                onExit={[Function]}
                onExited={[Function]}
                onExiting={[Function]}
                timeout={300}
                unmountOnExit={false}
              >
                <div
                  className="modal fade"
                  onClick={[Function]}
                  onKeyDown={[Function]}
                  onKeyUp={[Function]}
                  onMouseDown={[Function]}
                  role="dialog"
                  style={
                    Object {
                      "display": "block",
                    }
                  }
                  tabIndex="-1"
                >
                  <div
                    className="modal-dialog"
                    role="document"
                  >
                    <div
                      className="modal-content"
                    >
                      <ModalHeader
                        charCode={215}
                        closeAriaLabel="Close"
                        tag="h5"
                        wrapTag="div"
                      >
                        <div
                          className="modal-header"
                        >
                          <h5
                            className="modal-title"
                          >
                            Modal title
                          </h5>
                        </div>
                      </ModalHeader>
                      <ModalBody
                        tag="div"
                      >
                        <div
                          className="modal-body"
                        >
                          <Formik
                            enableReinitialize={false}
                            initialValues={
                              Object {
                                "file": null,
                                "location": undefined,
                              }
                            }
                            isInitialValid={false}
                            onSubmit={[Function]}
                            validateOnBlur={true}
                            validateOnChange={true}
                            validationSchema={
                              ObjectSchema {
                                "_blacklist": RefSet {
                                  "list": Set {},
                                  "refs": Map {},
                                },
                                "_conditions": Array [],
                                "_defaultDefault": [Function],
                                "_deps": Array [],
                                "_excludedEdges": Array [],
                                "_exclusive": Object {},
                                "_mutate": undefined,
                                "_nodes": Array [
                                  "file",
                                ],
                                "_options": Object {
                                  "abortEarly": true,
                                  "recursive": true,
                                },
                                "_type": "object",
                                "_typeError": [Function],
                                "_whitelist": RefSet {
                                  "list": Set {},
                                  "refs": Map {},
                                },
                                "fields": Object {
                                  "file": SchemaType {
                                    "_blacklist": RefSet {
                                      "list": Set {},
                                      "refs": Map {},
                                    },
                                    "_conditions": Array [],
                                    "_deps": Array [],
                                    "_exclusive": Object {
                                      "required": true,
                                    },
                                    "_mutate": undefined,
                                    "_options": Object {
                                      "abortEarly": true,
                                      "recursive": true,
                                    },
                                    "_type": "mixed",
                                    "_typeError": [Function],
                                    "_whitelist": RefSet {
                                      "list": Set {},
                                      "refs": Map {},
                                    },
                                    "tests": Array [
                                      [Function],
                                    ],
                                    "transforms": Array [],
                                  },
                                },
                                "tests": Array [],
                                "transforms": Array [
                                  [Function],
                                ],
                              }
                            }
                          >
                            <form
                              data-enctype="multipart/form-data"
                              onSubmit={[Function]}
                            >
                              <FormGroup
                                tag="div"
                              >
                                <div
                                  className="form-group"
                                >
                                  <Label
                                    for="upload-file"
                                    tag="label"
                                    widths={
                                      Array [
                                        "xs",
                                        "sm",
                                        "md",
                                        "lg",
                                        "xl",
                                      ]
                                    }
                                  >
                                    <label
                                      className=""
                                      htmlFor="upload-file"
                                    >
                                      Upload File
                                    </label>
                                  </Label>
                                  <Input
                                    accept=".csv"
                                    id="exampleFile"
                                    name="file"
                                    onChange={[Function]}
                                    type="file"
                                  >
                                    <input
                                      accept=".csv"
                                      className="form-control-file"
                                      id="exampleFile"
                                      name="file"
                                      onChange={[Function]}
                                      type="file"
                                    />
                                  </Input>
                                </div>
                              </FormGroup>
                              <UploadStatus
                                uploadFile={null}
                              />
                              <hr />
                              <div
                                style={
                                  Object {
                                    "display": "inline-block",
                                    "width": "12rem",
                                  }
                                }
                              >
                                <Button
                                  className="btn btn-md btn btn-primary"
                                  color="primary"
                                  id="studentexportform-submit-button"
                                  tag="button"
                                  type="submit"
                                >
                                  <button
                                    aria-label={null}
                                    className="btn btn-md btn btn-primary btn btn-primary"
                                    id="studentexportform-submit-button"
                                    onClick={[Function]}
                                    type="submit"
                                  >
                                    Submit
                                  </button>
                                </Button>
                                <LinkAsButton
                                  classNameProp="focus-investigation btn btn-primary float-right mt-0"
                                  text="Go Back"
                                  to="/clients/students"
                                >
                                  <Link
                                    className="focus-investigation btn btn-primary float-right mt-0"
                                    replace={false}
                                    to="/clients/students"
                                  >
                                    <a
                                      className="focus-investigation btn btn-primary float-right mt-0"
                                      href="/clients/students"
                                      onClick={[Function]}
                                    >
                                      Go Back
                                    </a>
                                  </Link>
                                </LinkAsButton>
                              </div>
                            </form>
                          </Formik>
                        </div>
                      </ModalBody>
                    </div>
                  </div>
                </div>
              </Transition>
            </Fade>
            <Fade
              appear={true}
              baseClass="fade"
              baseClassActive="show"
              className="modal-backdrop"
              enter={true}
              exit={true}
              in={true}
              mountOnEnter={true}
              onEnter={[Function]}
              onEntered={[Function]}
              onEntering={[Function]}
              onExit={[Function]}
              onExited={[Function]}
              onExiting={[Function]}
              tag="div"
              timeout={150}
              unmountOnExit={false}
            >
              <Transition
                appear={true}
                enter={true}
                exit={true}
                in={true}
                mountOnEnter={true}
                onEnter={[Function]}
                onEntered={[Function]}
                onEntering={[Function]}
                onExit={[Function]}
                onExited={[Function]}
                onExiting={[Function]}
                timeout={150}
                unmountOnExit={false}
              >
                <div
                  className="modal-backdrop fade"
                />
              </Transition>
            </Fade>
          </div>
        </Portal>
      </Portal>
    </Modal>
  </div>
</ClientUpload>
`;
