// Jest Snapshot v1, https://goo.gl/fbAQLP

exports[`src/helpers/progressBar renders markers correctly: marker 1`] = `
<div
  className="marker"
  id="marker"
  style={
    Object {
      "backgroundColor": "#F00",
      "height": "25px",
      "left": "20%",
      "position": "absolute",
      "top": "-5px",
      "width": "5px",
      "zIndex": 1,
    }
  }
>
  Â 
</div>
`;

exports[`src/helpers/progressBar renders progressBar without marker as expected: marker 1`] = `null`;
