// Jest Snapshot v1, https://goo.gl/fbAQLP

exports[`renders GisidaWrapper correctly renders map component with tasks 1`] = `
<Connect(e)
  handlers={Array []}
  mapId="map-1"
  store={
    Object {
      "dispatch": [Function],
      "getState": [Function],
      "replaceReducer": [Function],
      "subscribe": [Function],
      Symbol(observable): [Function],
    }
  }
/>
`;

exports[`renders GisidaWrapper correctly renders map component without tasks 1`] = `
<Ripple
  borderColor="#ff5d00"
  borderStyle="solid"
  borderWidth="4px"
  height="64px"
  minHeight="80vh"
  width="64px"
/>
`;

exports[`renders GisidaWrapper correctly renders map component without tasks 2`] = `
<Connect(e)
  handlers={Array []}
  mapId="map-1"
  store={
    Object {
      "dispatch": [Function],
      "getState": [Function],
      "replaceReducer": [Function],
      "subscribe": [Function],
      Symbol(observable): [Function],
    }
  }
/>
`;
